%!Adobe-FontList 1.22
%Locale:0x419

%BeginFont
Handler:DirectoryHandler
FontType:Invalid
OutlineFileName:C:\Users\Timur\Desktop\webcourse 23.02\Font\bootstrap-icons.css
FileModTime:1645192292
%EndFont

%BeginFont
Handler:DirectoryHandler
FontType:Invalid
OutlineFileName:C:\Users\Timur\Desktop\webcourse 23.02\Font\bootstrap-icons.json
FileModTime:1645192292
%EndFont

%BeginFont
Handler:DirectoryHandler
FontType:Invalid
OutlineFileName:C:\Users\Timur\Desktop\webcourse 23.02\Font\bootstrap-icons.scss
FileModTime:1645192292
%EndFont

%BeginFont
Handler:DirectoryHandler
FontType:Invalid
OutlineFileName:C:\Users\Timur\Desktop\webcourse 23.02\Font\fonts\bootstrap-icons.woff
FileModTime:1645192294
%EndFont

%BeginFont
Handler:DirectoryHandler
FontType:Invalid
OutlineFileName:C:\Users\Timur\Desktop\webcourse 23.02\Font\fonts\bootstrap-icons.woff2
FileModTime:1645192294
%EndFont

%BeginFont
Handler:DirectoryHandler
FontType:TrueType
FontName:GothamPro
FamilyName:Gotham Pro
StyleName:Regular
FullName:GothamPro
MenuName:Gotham Pro
StyleBits:0
WritingScript:Roman
OutlineFileName:C:\Users\Timur\Desktop\webcourse 23.02\Font\gothamPro\gothampro.ttf
DataFormat:sfntData
hasSVG:no
VariableFontType:NonVariableFont
FileLength:40464
FileModTime:1632899812
WeightClass:400
WidthClass:5
AngleClass:0
NameArray:0,Mac,4,GothamPro
NameArray:0,Win,1,Gotham Pro
NameArray:0,Win,16,Gotham Pro
%EndFont

%BeginFont
Handler:DirectoryHandler
FontType:TrueType
FontName:GothamPro-Black
FamilyName:Gotham Pro
StyleName:Black
FullName:GothamPro-Black
MenuName:Gotham Pro Black
StyleBits:0
WritingScript:Roman
OutlineFileName:C:\Users\Timur\Desktop\webcourse 23.02\Font\gothamPro\gothampro_black.ttf
DataFormat:sfntData
hasSVG:no
VariableFontType:NonVariableFont
FileLength:40024
FileModTime:1632899808
WeightClass:400
WidthClass:5
AngleClass:0
NameArray:0,Mac,4,GothamPro-Black
NameArray:0,Win,1,Gotham Pro Black
NameArray:0,Win,16,Gotham Pro
%EndFont

%BeginFont
Handler:DirectoryHandler
FontType:TrueType
FontName:GothamPro-BlackItalic
FamilyName:Gotham Pro
StyleName:Black Italic
FullName:GothamPro-BlackItalic
MenuName:Gotham Pro Black
StyleBits:1
WritingScript:Roman
OutlineFileName:C:\Users\Timur\Desktop\webcourse 23.02\Font\gothamPro\gothampro_blackitalic.ttf
DataFormat:sfntData
hasSVG:no
VariableFontType:NonVariableFont
FileLength:41680
FileModTime:1632899808
WeightClass:400
WidthClass:5
AngleClass:1
NameArray:0,Mac,4,GothamPro-BlackItalic
NameArray:0,Win,1,Gotham Pro Black
NameArray:0,Win,16,Gotham Pro
%EndFont

%BeginFont
Handler:DirectoryHandler
FontType:TrueType
FontName:GothamPro-Bold
FamilyName:Gotham Pro
StyleName:Bold
FullName:GothamPro-Bold
MenuName:Gotham Pro
StyleBits:2
WritingScript:Roman
OutlineFileName:C:\Users\Timur\Desktop\webcourse 23.02\Font\gothamPro\gothampro_bold.ttf
DataFormat:sfntData
hasSVG:no
VariableFontType:NonVariableFont
FileLength:40856
FileModTime:1632899810
WeightClass:700
WidthClass:5
AngleClass:0
NameArray:0,Mac,4,GothamPro-Bold
NameArray:0,Win,1,Gotham Pro
NameArray:0,Win,16,Gotham Pro
%EndFont

%BeginFont
Handler:DirectoryHandler
FontType:TrueType
FontName:GothamPro-BoldItalic
FamilyName:Gotham Pro
StyleName:Bold Italic
FullName:GothamPro-BoldItalic
MenuName:Gotham Pro
StyleBits:3
WritingScript:Roman
OutlineFileName:C:\Users\Timur\Desktop\webcourse 23.02\Font\gothamPro\gothampro_bolditalic.ttf
DataFormat:sfntData
hasSVG:no
VariableFontType:NonVariableFont
FileLength:41768
FileModTime:1632899810
WeightClass:700
WidthClass:5
AngleClass:1
NameArray:0,Mac,4,GothamPro-BoldItalic
NameArray:0,Win,1,Gotham Pro
NameArray:0,Win,16,Gotham Pro
%EndFont

%BeginFont
Handler:DirectoryHandler
FontType:TrueType
FontName:GothamPro-Italic
FamilyName:Gotham Pro
StyleName:Italic
FullName:GothamPro-Italic
MenuName:Gotham Pro
StyleBits:1
WritingScript:Roman
OutlineFileName:C:\Users\Timur\Desktop\webcourse 23.02\Font\gothamPro\gothampro_italic.ttf
DataFormat:sfntData
hasSVG:no
VariableFontType:NonVariableFont
FileLength:41960
FileModTime:1632899812
WeightClass:400
WidthClass:5
AngleClass:1
NameArray:0,Mac,4,GothamPro-Italic
NameArray:0,Win,1,Gotham Pro
NameArray:0,Win,16,Gotham Pro
%EndFont

%BeginFont
Handler:DirectoryHandler
FontType:TrueType
FontName:GothamPro-Light
FamilyName:Gotham Pro
StyleName:Light
FullName:GothamPro-Light
MenuName:Gotham Pro Light
StyleBits:0
WritingScript:Roman
OutlineFileName:C:\Users\Timur\Desktop\webcourse 23.02\Font\gothamPro\gothampro_light.ttf
DataFormat:sfntData
hasSVG:no
VariableFontType:NonVariableFont
FileLength:40844
FileModTime:1632899814
WeightClass:400
WidthClass:5
AngleClass:0
NameArray:0,Mac,4,GothamPro-Light
NameArray:0,Win,1,Gotham Pro Light
NameArray:0,Win,16,Gotham Pro
%EndFont

%BeginFont
Handler:DirectoryHandler
FontType:TrueType
FontName:GothamPro-LightItalic
FamilyName:Gotham Pro
StyleName:Light Italic
FullName:GothamPro-LightItalic
MenuName:Gotham Pro Light
StyleBits:1
WritingScript:Roman
OutlineFileName:C:\Users\Timur\Desktop\webcourse 23.02\Font\gothamPro\gothampro_lightitalic.ttf
DataFormat:sfntData
hasSVG:no
VariableFontType:NonVariableFont
FileLength:41916
FileModTime:1632899814
WeightClass:400
WidthClass:5
AngleClass:1
NameArray:0,Mac,4,GothamPro-LightItalic
NameArray:0,Win,1,Gotham Pro Light
NameArray:0,Win,16,Gotham Pro
%EndFont

%BeginFont
Handler:DirectoryHandler
FontType:TrueType
FontName:GothamPro-Medium
FamilyName:Gotham Pro
StyleName:Medium
FullName:GothamPro-Medium
MenuName:Gotham Pro Medium
StyleBits:0
WritingScript:Roman
OutlineFileName:C:\Users\Timur\Desktop\webcourse 23.02\Font\gothamPro\gothampro_medium.ttf
DataFormat:sfntData
hasSVG:no
VariableFontType:NonVariableFont
FileLength:40552
FileModTime:1632899816
WeightClass:400
WidthClass:5
AngleClass:0
NameArray:0,Mac,4,GothamPro-Medium
NameArray:0,Win,1,Gotham Pro Medium
NameArray:0,Win,16,Gotham Pro
%EndFont

%BeginFont
Handler:DirectoryHandler
FontType:TrueType
FontName:GothamPro-MediumItalic
FamilyName:Gotham Pro
StyleName:Medium Italic
FullName:GothamPro-MediumItalic
MenuName:Gotham Pro Medium
StyleBits:1
WritingScript:Roman
OutlineFileName:C:\Users\Timur\Desktop\webcourse 23.02\Font\gothamPro\gothampro_mediumitalic.ttf
DataFormat:sfntData
hasSVG:no
VariableFontType:NonVariableFont
FileLength:41712
FileModTime:1632899818
WeightClass:500
WidthClass:5
AngleClass:1
NameArray:0,Mac,4,GothamPro-MediumItalic
NameArray:0,Win,1,Gotham Pro Medium
NameArray:0,Win,16,Gotham Pro
%EndFont

%BeginFont
Handler:DirectoryHandler
FontType:Invalid
OutlineFileName:C:\Users\Timur\Desktop\webcourse 23.02\Font\index.html
FileModTime:1645192292
%EndFont

